args: ('Test Customer', 'Star Wars', 0, 2) => 'Rental Record for Test Customer\n\tStar Wars\t6\n\tStar Wars: The Sequal\t1.5\n\tStar Wars:Part III\t2\nAmount owed is 9.5\nYou earned 4 frequent renter points'
args: ('Test Customer', 'Star Wars', 0, 3) => 'Rental Record for Test Customer\n\tStar Wars\t9\n\tStar Wars: The Sequal\t1.5\n\tStar Wars:Part III\t3.5\nAmount owed is 14.0\nYou earned 4 frequent renter points'
args: ('Test Customer', 'Star Wars', 0, 4) => 'Rental Record for Test Customer\n\tStar Wars\t12\n\tStar Wars: The Sequal\t3.0\n\tStar Wars:Part III\t5.0\nAmount owed is 20.0\nYou earned 4 frequent renter points'
args: ('Test Customer', 'Star Wars', 1, 2) => 'Rental Record for Test Customer\n\tStar Wars\t1.5\n\tStar Wars: The Sequal\t2\n\tStar Wars:Part III\t6\nAmount owed is 9.5\nYou earned 4 frequent renter points'
args: ('Test Customer', 'Star Wars', 1, 3) => 'Rental Record for Test Customer\n\tStar Wars\t1.5\n\tStar Wars: The Sequal\t3.5\n\tStar Wars:Part III\t9\nAmount owed is 14.0\nYou earned 4 frequent renter points'
args: ('Test Customer', 'Star Wars', 1, 4) => 'Rental Record for Test Customer\n\tStar Wars\t3.0\n\tStar Wars: The Sequal\t5.0\n\tStar Wars:Part III\t12\nAmount owed is 20.0\nYou earned 4 frequent renter points'
args: ('Test Customer', 'Star Wars', 2, 2) => 'Rental Record for Test Customer\n\tStar Wars\t2\n\tStar Wars: The Sequal\t6\n\tStar Wars:Part III\t1.5\nAmount owed is 9.5\nYou earned 4 frequent renter points'
args: ('Test Customer', 'Star Wars', 2, 3) => 'Rental Record for Test Customer\n\tStar Wars\t3.5\n\tStar Wars: The Sequal\t9\n\tStar Wars:Part III\t1.5\nAmount owed is 14.0\nYou earned 4 frequent renter points'
args: ('Test Customer', 'Star Wars', 2, 4) => 'Rental Record for Test Customer\n\tStar Wars\t5.0\n\tStar Wars: The Sequal\t12\n\tStar Wars:Part III\t3.0\nAmount owed is 20.0\nYou earned 4 frequent renter points'
